PROJECT:Taking Python to Production
SUBJECT:Setup development environment with VSCode
SUBJECT:Learn Python programming, and build real world projects
SUBJECT:Improve code quality using docstrings, testing, & type hinting
SUBJECT:Version, package, and publish Python applications
SUBJECT:Learn git workflow with GitHub and CI/CD with GitHub Actions
